FILE_TYPE=LIBRARY_PARTS;
PRIMITIVE 'ESD9R3.3ST5G','ESD9R3.3ST5G_Small Outline Diode Flat Lead';
  PIN
    'K':
      PIN_NUMBER='(1)';
      NO_LOAD_CHECK=BOTH;
      NO_IO_CHECK=BOTH;
      ALLOW_CONNECT=TRUE;
      PINUSE='UNSPEC';
    'A':
      PIN_NUMBER='(2)';
      NO_LOAD_CHECK=BOTH;
      NO_IO_CHECK=BOTH;
      ALLOW_CONNECT=TRUE;
      PINUSE='UNSPEC';
  END_PIN;
  BODY
    PART_NAME='ESD9R3.3ST5G';
    PHYS_DES_PREFIX='D';
    NO_LOAD_CHECK='TRUE';
    PIN_COUNT='2';
    BODY_NAME='ESD9R3.3ST5G';
    JEDEC_TYPE='SODFL1006X40N';
  END_BODY;
END_PRIMITIVE;
END.
